<testsuites id="" name="" tests="5" failures="0" skipped="0" errors="0" time="139.117875">
<testsuite name="..\tests\setup\auth.setup.ts" timestamp="2026-06-28T03:28:33.165Z" hostname="setup" tests="1" failures="0" skipped="0" time="11.79" errors="0">
<testcase name="Authenticate and Save State @smoke @regression @all" classname="..\tests\setup\auth.setup.ts" time="11.79">
<system-out>
<![CDATA[[STAGE] [LoginPage] Opening the application
[STAGE] [LoginPage] Opening the login page
[STAGE] [LoginPage] Entering login credentials
[STAGE] [LoginPage] Submitting login
[STAGE] [LoginPage] Login completed
[STAGE] [LoginPage] Browser state saved to .auth/login-state.json
]]>
</system-out>
</testcase>
</testsuite>
<testsuite name="features\flight.feature.spec.js" timestamp="2026-06-28T03:28:33.165Z" hostname="chromium" tests="1" failures="0" skipped="0" time="99.901" errors="0">
<testcase name="Flight Booking Flow › End-to-End Flight Booking Flow" classname="features\flight.feature.spec.js" time="99.901">
<system-out>
<![CDATA[◇ injected env (0) from .env // tip: ⌘ custom filepath { path: '/custom/path/.env' }
◇ injected env (0) from .env // tip: ⌘ multiple files { path: ['.env.local', '.env'] }
[STAGE] Already authenticated via storageState
[STAGE] [HomePage] Navigating to flight search
[STAGE] [HomePage] Flight search page opened
[STAGE] [FlightSearchPage] Starting flight search
[STAGE] [FlightSearchPage] Selecting departure airport
[STAGE] [FlightSearchPage] Selecting destination airport
[STAGE] [FlightSearchPage] Selecting departure date
[STAGE] [FlightSearchPage] Selecting calendar date: Monday, July 13th, 2026
[STAGE] [FlightSearchPage] Calendar date selected: Monday, July 13th, 2026
[STAGE] [FlightSearchPage] Selecting cabin class and passengers
[STAGE] [FlightSearchPage] Submitting flight search
[STAGE] [FlightSearchPage] Flight search submitted
[STAGE] [FlightSearchPage] Browser state saved to .auth/flight-searched-state.json
[STAGE] [FlightListingPage] Waiting for flight results
[STAGE] [FlightListingPage] Applying the 2-stop filter
[STAGE] [FlightListingPage] Filtering by Air Canada
[STAGE] [FlightListingPage] Sorting by earliest arrival
[STAGE] [FlightListingPage] Selecting the first matching flight
[STAGE] [FlightListingPage] Flight selected
[STAGE] [FlightListingPage] Browser state saved to .auth/flight-selected-state.json
[STAGE] [FlightTripSummaryPage] Waiting for trip summary
[STAGE] [FlightTripSummaryPage] Continuing to checkout
[STAGE] [FlightTripSummaryPage] Opening the seat-selection step
[STAGE] [FlightTripSummaryPage] Checkout step opened
Found available seat in Flight 1
]]>
</system-out>
</testcase>
</testsuite>
<testsuite name="features\hotel.feature.spec.js" timestamp="2026-06-28T03:28:33.165Z" hostname="chromium" tests="2" failures="0" skipped="0" time="121.165" errors="0">
<testcase name="Hotel Booking Flow › End-to-End Hotel Booking Flow with MySQL Data › Example #1" classname="features\hotel.feature.spec.js" time="69.177">
<system-out>
<![CDATA[◇ injected env (0) from .env // tip: ⌘ custom filepath { path: '/custom/path/.env' }
◇ injected env (0) from .env // tip: ⌘ multiple files { path: ['.env.local', '.env'] }
[STAGE] Already authenticated via storageState
[STAGE] [HomePage] Navigating to hotel search
[STAGE] [HomePage] Hotel search page opened
[STAGE] [HotelSearchPage] Selecting calendar date: Monday, July 13th, 2026
[STAGE] [HotelSearchPage] Calendar date selected: Monday, July 13th, 2026
[STAGE] [HotelSearchPage] Selecting calendar date: Tuesday, July 14th, 2026
[STAGE] [HotelSearchPage] Calendar date selected: Tuesday, July 14th, 2026
[STAGE] [HotelSearchPage] Browser state saved to .auth/hotel-searched-state.json
]]>
</system-out>
</testcase>
<testcase name="Hotel Booking Flow › End-to-End Hotel Booking Flow with MySQL Data › Example #2" classname="features\hotel.feature.spec.js" time="51.988">
<system-out>
<![CDATA[[STAGE] Already authenticated via storageState
[STAGE] [HomePage] Navigating to hotel search
[STAGE] [HomePage] Hotel search page opened
[STAGE] [HotelSearchPage] Selecting calendar date: Saturday, July 18th, 2026
[STAGE] [HotelSearchPage] Calendar date selected: Saturday, July 18th, 2026
[STAGE] [HotelSearchPage] Selecting calendar date: Monday, July 20th, 2026
[STAGE] [HotelSearchPage] Calendar date selected: Monday, July 20th, 2026
[STAGE] [HotelSearchPage] Browser state saved to .auth/hotel-searched-state.json
]]>
</system-out>
</testcase>
</testsuite>
<testsuite name="features\trip.feature.spec.js" timestamp="2026-06-28T03:28:33.165Z" hostname="chromium" tests="1" failures="0" skipped="0" time="62.688" errors="0">
<testcase name="Trip Planner Flow › Create Trip Planner Flow" classname="features\trip.feature.spec.js" time="62.688">
<system-out>
<![CDATA[◇ injected env (0) from .env // tip: ◈ encrypted .env [www.dotenvx.com]
◇ injected env (0) from .env // tip: ⌘ multiple files { path: ['.env.local', '.env'] }
[STAGE] Already authenticated via storageState
[STAGE] [HomePage] Opening saved trips
[STAGE] [HomePage] Saved trips page opened in a new tab
Old trip deleted.
[STAGE] [TripSearchPage] Selecting calendar date: Monday, July 13th, 2026
[STAGE] [TripSearchPage] Calendar date selected: Monday, July 13th, 2026
[STAGE] [TripSearchPage] Selecting calendar date: Tuesday, July 14th, 2026
[STAGE] [TripSearchPage] Calendar date selected: Tuesday, July 14th, 2026
[STAGE] [TripPlanPage] Browser state saved to .auth/trip-planned-state.json
]]>
</system-out>
</testcase>
</testsuite>
</testsuites>